roninprogrammer:~/workspace/DojoAssignments (master) $ mkdir GitHubRepoAssignment
roninprogrammer:~/workspace/DojoAssignments (master) $ cd GitHubRepoAssignment/
roninprogrammer:~/workspace/DojoAssignments/GitHubRepoAssignment (master) $ ll
total 8
drwxr-xr-x  2 ubuntu ubuntu 4096 May  4 22:08 ./
drwxr-xr-x 12 ubuntu ubuntu 4096 May  4 22:08 ../
roninprogrammer:~/workspace/DojoAssignments/GitHubRepoAssignment (master) $ git init
Initialized empty Git repository in /home/ubuntu/workspace/DojoAssignments/GitHubRepoAssignment/.git/
roninprogrammer:~/workspace/DojoAssignments/GitHubRepoAssignment (master) $ vim readme.md
roninprogrammer:~/workspace/DojoAssignments/GitHubRepoAssignment (master) $ git status
On branch master

Initial commit

Untracked files:
  (use "git add <file>..." to include in what will be committed)

        readme.md

nothing added to commit but untracked files present (use "git add" to track)
roninprogrammer:~/workspace/DojoAssignments/GitHubRepoAssignment (master) $ git add .
roninprogrammer:~/workspace/DojoAssignments/GitHubRepoAssignment (master) $ git commit
Aborting commit due to empty commit message.
roninprogrammer:~/workspace/DojoAssignments/GitHubRepoAssignment (master) $ git commit -m "Initial commit"
[master (root-commit) 8b07194] Initial commit
 1 file changed, 3 insertions(+)
 create mode 100644 readme.md
roninprogrammer:~/workspace/DojoAssignments/GitHubRepoAssignment (master) $ git remote add origin https://github.com/kevinpav/GitHubRepoAssignment.git
roninprogrammer:~/workspace/DojoAssignments/GitHubRepoAssignment (master) $ git push -u origin master
Username for 'https://github.com': pavdog@gmail.com
Password for 'https://pavdog@gmail.com@github.com': 
Counting objects: 3, done.
Delta compression using up to 8 threads.
Compressing objects: 100% (2/2), done.
Writing objects: 100% (3/3), 267 bytes | 0 bytes/s, done.
Total 3 (delta 0), reused 0 (delta 0)
To https://github.com/kevinpav/GitHubRepoAssignment.git
 * [new branch]      master -> master
Branch master set up to track remote branch master from origin.
